[debug] [2026-04-13T23:14:50.428Z] ----------------------------------------------------------------------
[debug] [2026-04-13T23:14:50.438Z] Command:       C:\Program Files\nodejs\node.exe C:\Users\THATO\AppData\Roaming\npm\node_modules\firebase-tools\lib\bin\firebase.js init hosting
[debug] [2026-04-13T23:14:50.439Z] CLI Version:   15.14.0
[debug] [2026-04-13T23:14:50.440Z] Platform:      win32
[debug] [2026-04-13T23:14:50.440Z] Node Version:  v24.14.1
[debug] [2026-04-13T23:14:50.441Z] Time:          Tue Apr 14 2026 01:14:50 GMT+0200 (South Africa Standard Time)
[debug] [2026-04-13T23:14:50.441Z] ----------------------------------------------------------------------
[debug] 
[info] 
     ######## #### ########  ######## ########     ###     ######  ########
     ##        ##  ##     ## ##       ##     ##  ##   ##  ##       ##
     ######    ##  ########  ######   ########  #########  ######  ######
     ##        ##  ##    ##  ##       ##     ## ##     ##       ## ##
     ##       #### ##     ## ######## ########  ##     ##  ######  ########

You're about to initialize a Firebase project in this directory:

  C:\Users\THATO\Desktop\projects\madulo

Before we get started, keep in mind:

  * You are initializing within an existing Firebase project directory

[info] 
=== Project Setup
[info] 
[info] First, let's associate this project directory with a Firebase project.
[info] You can create multiple project aliases by running firebase use --add, 
[info] 
[debug] [2026-04-13T23:15:06.350Z] > command requires scopes: ["email","openid","https://www.googleapis.com/auth/cloudplatformprojects.readonly","https://www.googleapis.com/auth/firebase","https://www.googleapis.com/auth/cloud-platform"]
[debug] [2026-04-13T23:15:06.353Z] > authorizing via signed-in user (chachumashori@gmail.com)
[debug] [2026-04-13T23:15:06.360Z] Checked if tokens are valid: true, expires at: 1776125110021
[debug] [2026-04-13T23:15:06.362Z] Checked if tokens are valid: true, expires at: 1776125110021
[debug] [2026-04-13T23:15:06.367Z] >>> [apiv2][query] GET https://firebase.googleapis.com/v1beta1/projects/madulo [none]
[debug] [2026-04-13T23:15:07.603Z] <<< [apiv2][status] GET https://firebase.googleapis.com/v1beta1/projects/madulo 200
[debug] [2026-04-13T23:15:07.608Z] <<< [apiv2][body] GET https://firebase.googleapis.com/v1beta1/projects/madulo {"projectId":"madulo","projectNumber":"632549147015","displayName":"Madulo","name":"projects/madulo","resources":{"hostingSite":"madulo"},"state":"ACTIVE","etag":"1_3b5018cc-726d-4b9e-b90e-5d69d9076a67"}
[info] i  Using project madulo (Madulo) . 
[info] 
=== Hosting Setup
[info] 
[debug] [2026-04-13T23:15:45.948Z] Checked if tokens are valid: true, expires at: 1776125110021
[debug] [2026-04-13T23:15:45.949Z] Checked if tokens are valid: true, expires at: 1776125110021
[debug] [2026-04-13T23:15:45.950Z] >>> [apiv2][query] GET https://firebase.googleapis.com/v1beta1/projects/madulo [none]
[debug] [2026-04-13T23:15:46.820Z] <<< [apiv2][status] GET https://firebase.googleapis.com/v1beta1/projects/madulo 200
[debug] [2026-04-13T23:15:46.820Z] <<< [apiv2][body] GET https://firebase.googleapis.com/v1beta1/projects/madulo {"projectId":"madulo","projectNumber":"632549147015","displayName":"Madulo","name":"projects/madulo","resources":{"hostingSite":"madulo"},"state":"ACTIVE","etag":"1_3b5018cc-726d-4b9e-b90e-5d69d9076a67"}
[info] 
[info] Your public directory is the folder (relative to your project directory) that
[info] will contain Hosting assets to be uploaded with firebase deploy. If you
[info] have a build process for your assets, use your build's output directory.
[info] 
[debug] [2026-04-13T23:16:27.486Z] ExitPromptError: User force closed the prompt with SIGINT
    at Interface.sigint (C:\Users\THATO\AppData\Roaming\npm\node_modules\firebase-tools\node_modules\@inquirer\core\dist\commonjs\lib\create-prompt.js:101:37)
    at Interface.emit (node:events:508:28)
    at [_ttyWrite] [as _ttyWrite] (node:internal/readline/interface:1327:18)
    at ReadStream.onkeypress (node:internal/readline/interface:284:20)
    at ReadStream.emit (node:events:520:35)
    at emitKeys (node:internal/readline/utils:371:14)
    at emitKeys.next (<anonymous>)
    at ReadStream.onData (node:internal/readline/emitKeypressEvents:64:36)
    at ReadStream.emit (node:events:508:28)
    at addChunk (node:internal/streams/readable:563:12)
[error] 
[error] Error: An unexpected error has occurred.
